9.000000 14.485281 19.392305 
14.485281 22.970563 30.468696 
19.392305 30.468696 40.176915 
